2020-09-23 20:21:15.771  INFO 5153 --- [container-0-C-1] c.s.d.d.sink.SampleConsumer              : P 2, Message MessageDto(key=ironman-mark-03, message=hello world)
2020-09-23 20:21:15.956  INFO 5153 --- [container-0-C-1] c.s.d.d.sink.SampleConsumer              : P 1, Message MessageDto(key=ironman-mark-03, message=hello world)
2020-09-23 20:21:16.135  INFO 5153 --- [container-0-C-1] c.s.d.d.sink.SampleConsumer              : P 2, Message MessageDto(key=ironman-mark-03, message=hello world)
2020-09-23 20:21:16.324  INFO 5153 --- [container-0-C-1] c.s.d.d.sink.SampleConsumer              : P 0, Message MessageDto(key=ironman-mark-03, message=hello world)
2020-09-23 20:21:16.502  INFO 5153 --- [container-0-C-1] c.s.d.d.sink.SampleConsumer              : P 2, Message MessageDto(key=ironman-mark-03, message=hello world)
2020-09-23 20:21:16.693  INFO 5153 --- [container-0-C-1] c.s.d.d.sink.SampleConsumer              : P 1, Message MessageDto(key=ironman-mark-03, message=hello world)
2020-09-23 20:21:16.872  INFO 5153 --- [container-0-C-1] c.s.d.d.sink.SampleConsumer              : P 0, Message MessageDto(key=ironman-mark-03, message=hello world)
2020-09-23 20:21:17.052  INFO 5153 --- [container-0-C-1] c.s.d.d.sink.SampleConsumer              : P 2, Message MessageDto(key=ironman-mark-03, message=hello world)
2020-09-23 20:21:17.243  INFO 5153 --- [container-0-C-1] c.s.d.d.sink.SampleConsumer              : P 0, Message MessageDto(key=ironman-mark-03, message=hello world)